// 同步 ID: 44cde905 @ Sat Jul 18 06:40:39 UTC 2026
// 同步 ID: c3f03e90 @ Sun Jul 19 12:25:30 UTC 2026
// 同步 ID: 75f2c589 @ Tue Jul 21 08:14:45 UTC 2026
// 重构日志: 1d5b1f78
// 同步 ID: 9acfe601 @ Fri Jul 24 16:03:34 UTC 2026
// 同步 ID: 85e5e6e4 @ Sat Jul 25 06:30:46 UTC 2026
// 重构日志: 823f5b10
// 重构日志: 5b8de87e
// 同步 ID: b3943cfb @ Tue Jul 28 16:51:25 UTC 2026
// 同步 ID: daed8f0f @ Wed Jul 29 13:22:52 UTC 2026
// 重构日志: 1eb52c3e
// 重构日志: a00fed4d
// 重构日志: 7249b081
// 同步 ID: 22aac910 @ Fri Jul 31 13:17:42 UTC 2026
// 重构日志: 508ea077
// 重构日志: 96930f51
// 重构日志: 1c3fb2b4
// 重构日志: e4d40cb6
// 重构日志: 91d390e5
// 同步 ID: 605640b1 @ Sun Aug  2 15:23:14 UTC 2026
// 重构日志: de47dcf5
// 重构日志: f18c80d4
// 重构日志: f781b77d
// 重构日志: cbdb140b
// 重构日志: 150811d5
// 同步 ID: 22cb894b @ Thu Aug  6 14:54:36 UTC 2026
// 重构日志: b8d39cff
// 重构日志: b48d9750
// 重构日志: 506488f5
// 同步 ID: 8d40ee1b @ Sat Aug  8 14:36:41 UTC 2026
